psql:test/sql/regress/_.sql:51: INFO:  3 turns to go (1 games)
ID: rnbqkbnr/ppp1pppp/8/3p4/4P3/8/PPPP1PPP/RNBQKBNR w KQkq - 0 1
psql:test/sql/regress/_.sql:51: INFO:  Score: -3.100
Choices:
	1.154 {1.010,0.560,1.640,1.280,1.280} rnbqkbnr/ppp1pppp/8/1B1p4/4P3/8/PPPP1PPP/RNBQK1NR b KQkq - 0 1
	1.140 {1.130,1.490,0.320,0.410,1.310,1.220,1.220,0.410,1.040,1.040,1.490,1.490,1.310,1.310,1.310,0.050,1.490,0.860,1.040,0.950,1.220,1.400,1.850,1.310,1.400,1.580} rnbqkbnr/ppp1pppp/8/3p3Q/4P3/8/PPPP1PPP/RNB1KBNR b KQkq - 0 1
	0.778 {0.730,0.280,0.910,0.820,0.820,-1.700,0.100,0.640,1.270,0.910,0.910,1.090,1.090,0.910,1.000,0.910,-0.440,1.090,0.460,0.730,1.090,0.910,1.000,1.090,1.540,0.910,1.090,1.630} rnbqkbnr/ppp1pppp/8/3P4/8/8/PPPP1PPP/RNBQKBNR b KQkq - 0 1
	0.714 {0.630,0.720,-0.450,0.450,0.810,0.720,0.720,0.000,0.630,0.990,0.810,0.810,0.990,0.990,0.810,0.810,0.810,-0.450,0.990,0.360,0.630,0.900,0.810,0.900,0.990,1.350,0.810,0.900,1.260} rnbqkbnr/ppp1pppp/8/3p4/4P3/5Q2/PPPP1PPP/RNB1KBNR b KQkq - 0 1
	0.667 {1.120,0.040,-8.960,1.210,1.120,1.120,0.400,0.850,1.030,1.120,1.120,1.390,1.390,1.210,1.210,1.210,-0.050,1.120,0.400,1.120,1.390,1.120,1.300,1.390,1.480,1.030,1.120} rnbqkbnr/ppp1pppp/8/3p4/4P1Q1/8/PPPP1PPP/RNB1KBNR b KQkq - 0 1
	0.626 {0.530,-0.370,0.080,0.710,0.620,0.620,-0.100,0.710,1.070,0.620,0.710,0.890,0.890,0.710,0.710,0.710,-0.550,0.890,0.260,0.620,0.890,0.710,0.800,0.890,1.250,0.710,0.800,1.160} rnbqkbnr/ppp1pppp/8/3p4/3PP3/8/PPP2PPP/RNBQKBNR b KQkq - 0 1
	0.129 {0.030,0.210,-0.960,-0.420,0.210,0.210,0.120,-0.600,0.210,0.570,0.120,0.210,0.390,0.390,0.210,0.210,0.210,-1.050,0.390,-0.240,0.120,0.390,0.210,0.300,0.390,0.750,0.210,0.300,0.660} rnbqkbnr/ppp1pppp/8/3p4/4P3/3P4/PPP2PPP/RNBQKBNR b KQkq - 0 1
	0.023 {-0.070,-0.070,-1.060,-0.520,0.110,0.020,0.020,-0.700,0.110,0.470,0.110,0.110,0.290,0.290,0.110,0.110,0.110,-1.150,0.290,-0.340,0.020,0.290,0.110,0.200,0.290,0.650,0.110,0.200,0.560} rnbqkbnr/ppp1pppp/8/3p4/4P3/2N5/PPPP1PPP/R1BQKBNR b KQkq - 0 1
	-0.007 {-0.170,-0.080,-0.620,0.010,-0.080,-0.080,-0.260,0.370,0.010,0.010,0.190,0.190,0.010,0.010,0.010,-0.890,0.010,-0.530,0.010,0.190,0.010,0.100,0.190,0.550,0.010,0.100,0.550} rnbqkbnr/ppp1pppp/8/3pP3/8/8/PPPP1PPP/RNBQKBNR b KQkq - 0 1
	-0.068 {-0.170,-0.080,-1.250,-0.620,0.010,-0.080,-0.080,-0.710,0.010,0.370,0.010,0.010,0.190,0.190,0.010,0.010,0.010,-1.160,0.190,-0.350,-0.080,0.190,0.010,0.100,0.190,0.550,0.010,0.100,0.460} rnbqkbnr/ppp1pppp/8/3p4/1P2P3/8/P1PP1PPP/RNBQKBNR b KQkq - 0 1
	-0.071 {0.010,-0.080,-1.250,-0.620,0.010,-0.080,-0.080,-0.800,0.010,0.370,0.010,0.010,0.190,0.190,0.010,0.010,0.010,-1.250,0.190,-0.440,-0.080,0.190,0.010,0.100,0.190,0.550,0.010,0.100,0.460} rnbqkbnr/ppp1pppp/8/3p4/4P2P/8/PPPP1PP1/RNBQKBNR b KQkq - 0 1
	-0.077 {-0.170,-0.080,-1.250,-0.620,0.010,-0.080,-0.080,-0.800,0.010,0.370,0.010,0.010,0.190,0.190,0.010,0.010,0.010,-1.250,0.190,-0.440,-0.080,0.190,0.010,0.100,0.190,0.550,0.010,0.100,0.460} rnbqkbnr/ppp1pppp/8/3p4/4P3/1P6/P1PP1PPP/RNBQKBNR b KQkq - 0 1
	-0.077 {-0.170,-0.080,-1.250,-0.620,0.010,-0.080,-0.080,-0.800,0.010,0.370,0.010,0.010,0.190,0.190,0.010,0.010,0.010,-1.250,0.190,-0.440,-0.080,0.190,0.010,0.100,0.190,0.550,0.010,0.100,0.460} rnbqkbnr/ppp1pppp/8/3p4/4P3/2P5/PP1P1PPP/RNBQKBNR b KQkq - 0 1
	-0.077 {-0.170,-0.080,-1.250,-0.620,0.010,-0.080,-0.080,-0.800,0.010,0.370,0.010,0.010,0.190,0.190,0.010,0.010,0.010,-1.250,0.190,-0.440,-0.080,0.190,0.010,0.100,0.190,0.550,0.010,0.100,0.460} rnbqkbnr/ppp1pppp/8/3p4/P3P3/8/1PPP1PPP/RNBQKBNR b KQkq - 0 1
	-0.080 {-0.350,-0.080,-1.250,-0.620,0.010,-0.080,-0.080,-0.800,0.010,0.370,0.010,0.010,0.190,0.190,0.010,0.010,0.010,-1.160,0.190,-0.440,-0.080,0.190,0.010,0.100,0.190,0.550,0.010,0.100,0.460} rnbqkbnr/ppp1pppp/8/3p4/4P3/6P1/PPPP1P1P/RNBQKBNR b KQkq - 0 1
	-0.108 {0.030,0.120,-1.050,-0.420,0.030,0.120,-0.600,0.210,0.570,0.210,0.210,-2.940,-2.760,0.390,0.210,0.210,-1.050,0.390,-0.240,0.120,0.390,0.210,0.300,0.390,0.750,0.210,0.300,0.660} rnbqkbnr/ppp1pppp/B7/3p4/4P3/8/PPPP1PPP/RNBQK1NR b KQkq - 0 1
	-0.173 {-0.170,-3.500,0.190,-0.980,-0.620,0.010,-0.170,0.010,-0.800,0.010,0.370,0.010,0.010,0.190,0.190,0.010,0.010,0.010,-1.250,0.190,-0.440,-0.080,0.190,0.010,0.100,0.190,0.550,0.010,0.100,0.460} rnbqkbnr/ppp1pppp/8/3p4/2B1P3/8/PPPP1PPP/RNBQK1NR b KQkq - 0 1
	-0.174 {-0.270,-0.180,-1.350,-0.720,-0.090,-0.180,-0.180,-0.900,-0.180,0.270,-0.090,-0.090,0.090,0.090,-0.090,-0.090,-0.090,-1.170,0.090,-0.540,-0.180,0.090,-0.090,0.000,0.090,0.450,-0.090,0.000,0.360} rnbqkbnr/ppp1pppp/8/3p4/4PP2/8/PPPP2PP/RNBQKBNR b KQkq - 0 1
	-0.177 {-0.270,-0.180,-1.350,-0.720,-0.090,-0.180,-0.180,-0.900,-0.090,0.270,-0.090,-0.090,0.090,0.090,-0.090,-0.090,-0.090,-1.350,0.090,-0.540,-0.180,0.090,-0.090,0.000,0.090,0.450,-0.090,0.000,0.360} rnbqkbnr/ppp1pppp/8/3p4/4P3/N7/PPPP1PPP/R1BQKBNR b KQkq - 0 1
	-0.212 {-0.180,-1.350,-1.530,-0.090,-0.180,-0.180,-0.900,0.000,0.180,-0.090,-0.090,0.090,0.090,-0.090,-0.090,-0.090,-1.350,0.090,-0.630,-0.180,0.090,-0.090,0.000,0.090,0.360,-0.090,0.000,0.270} rnbqkbnr/ppp1pppp/8/3p4/4P1P1/8/PPPP1P1P/RNBQKBNR b KQkq - 0 1
	-0.268 {-0.370,-0.100,-1.360,-0.820,-0.190,-0.280,-0.280,-1.000,-0.190,0.170,-0.190,-0.190,-0.010,-0.010,-0.190,-0.190,-0.190,-1.450,-0.010,-0.640,-0.280,-0.010,-0.190,-0.100,-0.010,0.350,-0.190,-0.100,0.260} rnbqkbnr/ppp1pppp/8/3p4/4P3/3B4/PPPP1PPP/RNBQK1NR b KQkq - 0 1
	-0.268 {-0.370,-0.280,-1.360,-0.640,-0.190,-0.280,-0.280,-1.000,-0.190,0.170,-0.190,-0.190,-0.010,-0.010,-0.190,-0.190,-0.190,-1.450,-0.010,-0.640,-0.280,-0.010,-0.190,-0.100,-0.010,0.350,-0.190,-0.100,0.260} rnbqkbnr/ppp1pppp/8/3p4/4P3/8/PPPPQPPP/RNB1KBNR b KQkq - 0 1
	-0.277 {-0.370,-0.280,-1.450,-0.820,-0.190,-0.280,-0.280,-1.000,-0.190,0.170,-0.190,-0.190,-0.010,-0.010,-0.190,-0.190,-0.190,-1.450,-0.010,-0.640,-0.280,-0.010,-0.190,-0.100,-0.010,0.350,-0.190,-0.100,0.260} rnbqkbnr/ppp1pppp/8/3p4/4P3/P7/1PPP1PPP/RNBQKBNR b KQkq - 0 1
	-0.296 {-1.000,-0.280,-1.450,-0.730,-0.190,-0.280,-0.280,-1.000,-0.190,0.170,-0.190,-0.190,-0.010,-0.010,-0.190,-0.190,-0.190,-1.450,-0.010,-0.640,-0.280,-0.010,-0.190,-0.100,-0.010,0.350,-0.190,-0.100,0.260} rnbqkbnr/ppp1pppp/8/3p4/4P3/7P/PPPP1PP1/RNBQKBNR b KQkq - 0 1
	-0.310 {-0.370,-1.360,-0.280,-1.450,-0.820,-0.190,-0.190,-0.280,-1.000,-0.190,0.170,-0.190,-0.190,-0.010,-0.010,-0.190,-0.190,-0.190,-1.450,-0.010,-0.640,-0.280,-0.010,-0.190,-0.100,-0.010,0.350,-0.190,-0.100,0.260} rnbqkbnr/ppp1pppp/8/3p4/2P1P3/8/PP1P1PPP/RNBQKBNR b KQkq - 0 1
	-0.368 {-0.470,-0.380,-1.640,-0.560,-0.290,-0.380,-0.380,-1.100,-0.290,0.070,-0.290,-0.290,-0.110,-0.110,-0.290,-0.290,-0.290,-1.550,-0.110,-0.740,-0.380,-0.110,-0.290,-0.200,-0.110,0.250,-0.290,-0.200,0.160} rnbqkbnr/ppp1pppp/8/3p4/4P3/5N2/PPPP1PPP/RNBQKB1R b KQkq - 0 1
	-0.371 {-0.470,-0.380,-1.550,-0.740,-0.290,-0.380,-0.380,-1.100,-0.290,0.070,-0.290,-0.290,-0.110,-0.110,-0.290,-0.290,-0.290,-1.550,-0.110,-0.740,-0.380,-0.110,-0.290,-0.200,-0.110,0.250,-0.290,-0.200,0.160} rnbqkbnr/ppp1pppp/8/3p4/4P3/8/PPPPBPPP/RNBQK1NR b KQkq - 0 1
	-0.373 {-3.160,-0.280,-1.450,-0.820,-0.190,-0.280,-0.280,-1.000,-0.190,0.170,-0.190,-0.190,-0.010,-0.010,-0.190,-0.190,-0.190,-1.450,-0.010,-0.640,-0.280,-0.010,-0.190,-0.100,-0.010,0.350,-0.190,-0.100,0.260} rnbqkbnr/ppp1pppp/8/3p4/4P3/7N/PPPP1PPP/RNBQKB1R b KQkq - 0 1
	-0.561 {-0.670,-0.580,-1.750,-0.670,-0.490,-0.580,-0.580,-1.300,-0.490,-0.130,-0.490,-0.490,-0.310,-0.310,-0.490,-0.490,-0.490,-1.750,-0.310,-0.940,-0.580,-0.310,-0.490,-0.400,-0.310,0.050,-0.490,-0.400,-0.040} rnbqkbnr/ppp1pppp/8/3p4/4P3/5P2/PPPP2PP/RNBQKBNR b KQkq - 0 1
	-0.833 {-0.870,-0.870,-2.130,-2.760,-0.690,-0.690,-0.780,-1.500,-0.690,-0.330,-0.690,-0.690,-0.510,-0.510,-0.690,-0.690,-0.690,-1.950,-0.510,-1.140,-0.780,-0.510,-0.690,-0.600,-0.510,-0.150,-0.690,-0.600,-0.240} rnbqkbnr/ppp1pppp/8/3p4/4P3/8/PPPPKPPP/RNBQ1BNR b KQkq - 0 1
	-0.864 {-0.970,-0.880,-2.050,-1.150,-0.790,-0.790,-0.880,-1.600,-0.790,-0.430,-0.790,-0.790,-0.610,-0.610,-0.790,-0.790,-0.790,-2.050,-0.610,-1.240,-0.880,-0.610,-0.790,-0.700,-0.610,-0.250,-0.790,-0.700,-0.340} rnbqkbnr/ppp1pppp/8/3p4/4P3/8/PPPPNPPP/RNBQKB1R b KQkq - 0 1
psql:test/sql/regress/_.sql:51: INFO:  2 turns to go (898 games)
ID: rnbqkbnr/ppp1pppp/8/1B1p4/4P3/8/PPPP1PPP/RNBQK1NR b KQkq - 0 1
psql:test/sql/regress/_.sql:51: INFO:  Score: 0.500
Choices:
	2.452 {2.960,2.600,2.870,2.510,3.140,2.780,2.690,2.690,2.510,2.510,2.510,3.050,2.240,2.690,1.790,2.960,2.690,2.600,2.690,3.050,2.600,2.600,2.870,2.780,1.880,2.600,1.430,2.780,2.510,1.610,2.510,1.340,2.690,-0.370} rnbqkbnr/pp2pppp/2p5/1B1p4/4P3/8/PPPP1PPP/RNBQK1NR w KQkq - 0 2
	1.976 {2.910,2.100,2.370,2.010,3.090,2.280,2.190,2.190,2.010,2.010,2.010,3.000,1.740,2.190,1.290,2.460,2.190,2.100,2.190,2.640,2.100,2.100,2.820,2.280,1.380,2.100,0.930,2.280,2.010,1.110,2.010,0.840,2.640,-2.400} r1bqkbnr/ppp1pppp/2n5/1B1p4/4P3/8/PPPP1PPP/RNBQK1NR w KQkq - 0 2
	1.723 {2.790,1.800,2.070,1.710,2.970,1.980,1.890,1.890,1.710,1.710,1.710,2.880,1.440,1.890,0.990,2.160,1.890,1.800,1.890,2.430,1.800,1.800,2.700,1.980,1.080,1.800,0.900,2.070,1.710,0.810,1.710,0.540,2.520,1.980,-2.700} rn1qkbnr/pppbpppp/8/1B1p4/4P3/8/PPPP1PPP/RNBQK1NR w KQkq - 0 2
	1.584 {2.880,1.800,2.070,1.710,3.060,1.980,1.890,1.890,1.710,1.710,1.710,2.970,1.440,1.890,0.990,2.160,1.890,1.800,1.890,2.430,1.800,1.800,2.790,1.980,1.080,1.800,0.900,2.070,1.710,0.810,1.710,0.540,2.610,1.980,-8.010} rnb1kbnr/pppqpppp/8/1B1p4/4P3/8/PPPP1PPP/RNBQK1NR w KQkq - 0 2
	1.320 {2.300,1.400,1.670,1.310,2.480,1.580,1.490,1.490,1.310,1.310,1.310,2.390,1.040,1.490,0.590,1.760,1.490,1.400,1.490,1.940,1.400,1.400,2.210,1.580,0.680,1.400,0.500,1.670,1.310,0.410,1.310,0.140,2.030,1.670,-2.740} r1bqkbnr/pppnpppp/8/1B1p4/4P3/8/PPPP1PPP/RNBQK1NR w KQkq - 0 2
psql:test/sql/regress/_.sql:51: INFO:  1 turns to go (1071 games)
ID: rnbqkbnr/pp2pppp/2p5/1B1p4/4P3/8/PPPP1PPP/RNBQK1NR w KQkq - 0 2
psql:test/sql/regress/_.sql:51: INFO:  Score: -1.900
Choices:
	0.988 {1.130,1.310,0.140,0.410,0.680,1.400,-2.020,0.410,1.040,1.040,1.310,1.400,1.040,1.490,0.500,1.490,0.860,1.040,0.950,1.220,1.400,0.950,1.670,1.670,1.580,1.580} rnbqkbnr/pp2pppp/2p5/1B1p3Q/4P3/8/PPPP1PPP/RNB1K1NR b KQkq - 0 2
	0.753 {0.830,0.380,0.470,1.100,-2.410,-1.240,0.200,0.740,1.370,1.010,1.010,1.010,1.100,0.830,1.190,0.110,1.190,0.560,0.830,1.190,1.010,1.100,1.190,0.740,1.370,1.280,1.280,1.640} rnbqkbnr/pp2pppp/2p5/1B1P4/8/8/PPPP1PPP/RNBQK1NR b KQkq - 0 2
	0.590 {0.630,0.720,-0.450,0.450,0.180,0.900,-2.520,0.000,0.630,0.990,0.810,0.810,0.810,0.900,0.540,0.990,0.000,0.990,0.360,0.630,0.900,0.810,0.900,0.990,0.450,1.170,1.170,1.080,1.260} rnbqkbnr/pp2pppp/2p5/1B1p4/4P3/5Q2/PPPP1PPP/RNB1K1NR b KQkq - 0 2
	0.533 {1.120,0.040,-8.960,0.580,1.300,-2.120,0.400,0.850,1.030,1.120,1.120,1.210,1.300,0.940,1.390,0.400,1.120,0.400,1.120,1.390,1.120,1.300,1.390,0.850,1.300,1.390,1.300} rnbqkbnr/pp2pppp/2p5/1B1p4/4P1Q1/8/PPPP1PPP/RNB1K1NR b KQkq - 0 2
	0.401 {0.530,-0.370,0.080,-2.800,0.800,-2.620,-0.100,0.710,1.070,0.620,0.710,0.710,0.800,0.620,0.890,-0.100,0.890,0.260,0.620,0.890,0.710,0.800,0.890,0.350,1.070,1.070,0.980,1.160} rnbqkbnr/pp2pppp/2p5/1B1p4/3PP3/8/PPP2PPP/RNBQK1NR b KQkq - 0 2
	0.078 {-2.460,-2.190,1.770,1.770,1.500} rnbqkbnr/pp2pppp/2B5/3p4/4P3/8/PPPP1PPP/RNBQK1NR b KQkq - 0 2
	0.021 {0.130,0.310,-0.860,-0.320,-2.930,0.400,-2.750,-0.500,0.310,0.670,0.220,0.310,0.310,0.400,0.040,0.490,-0.500,0.490,-0.140,0.220,0.490,0.310,0.400,0.490,-0.050,0.670,0.670,0.580,0.760} rnbqkbnr/pp2pppp/2p5/1B1p4/4P3/3P4/PPP2PPP/RNBQK1NR b KQkq - 0 2
	-0.130 {-0.170,-0.080,-0.620,-0.620,0.100,-3.320,-0.260,0.370,0.010,0.010,0.010,0.100,-0.260,0.190,-0.440,0.010,-0.530,0.010,0.190,0.010,0.100,0.190,-0.080,0.370,0.370,0.280,0.550} rnbqkbnr/pp2pppp/2p5/1B1pP3/8/8/PPPP1PPP/RNBQK1NR b KQkq - 0 2
	-0.182 {-0.170,-0.080,-1.160,-0.440,-0.620,0.100,-3.050,-0.800,0.010,0.370,0.010,0.010,0.010,0.100,-0.260,0.190,-0.800,0.190,-0.440,-0.080,0.190,0.010,0.100,0.190,-0.350,0.370,0.370,0.280,0.460} rnbqkbnr/pp2pppp/2p5/1B1p4/4P3/8/PPPPQPPP/RNB1K1NR b KQkq - 0 2
	-0.189 {-0.170,-0.170,-1.160,-0.620,-0.350,0.100,-3.230,-0.800,0.010,0.370,0.010,0.010,0.010,0.100,-0.260,0.190,-0.800,0.190,-0.440,-0.080,0.190,0.010,0.100,0.190,-0.350,0.370,0.370,0.280,0.460} rnbqkbnr/pp2pppp/2p5/1B1p4/4P3/2N5/PPPP1PPP/R1BQK1NR b KQkq - 0 2
	-0.192 {-0.170,-0.080,-1.250,-0.620,-0.350,0.100,-3.320,-0.800,0.010,0.370,0.010,0.010,0.010,0.100,-0.260,0.190,-0.800,0.190,-0.440,-0.080,0.190,0.010,0.100,0.190,-0.350,0.370,0.370,0.280,0.460} rnbqkbnr/pp2pppp/2p5/1B1p4/4P3/2P5/PP1P1PPP/RNBQK1NR b KQkq - 0 2
	-0.195 {0.010,-0.080,-1.250,-0.620,-0.620,0.100,-3.320,-0.800,0.010,0.370,0.010,0.010,0.010,0.100,-0.260,0.190,-0.800,0.190,-0.440,-0.080,0.190,0.010,0.100,0.190,-0.350,0.370,0.370,0.280,0.460} rnbqkbnr/pp2pppp/2p5/1B1p4/4P2P/8/PPPP1PP1/RNBQK1NR b KQkq - 0 2
	-0.201 {-0.170,-0.080,-1.250,-0.620,-0.620,0.100,-3.320,-0.800,0.010,0.370,0.010,0.010,0.010,0.100,-0.260,0.190,-0.800,0.190,-0.440,-0.080,0.190,0.010,0.100,0.190,-0.350,0.370,0.370,0.280,0.460} rnbqkbnr/pp2pppp/2p5/1B1p4/4P3/1P6/P1PP1PPP/RNBQK1NR b KQkq - 0 2
	-0.273 {-0.270,-0.180,-1.350,-0.720,-0.270,0.000,-3.330,-0.810,-0.090,0.270,-0.090,-0.090,-0.090,0.000,-0.360,0.090,-0.810,0.090,-0.450,-0.180,0.090,-0.090,0.000,0.090,-0.450,0.270,0.270,0.180,0.360} rnbqkbnr/pp2pppp/2p5/1B1p4/1P2P3/8/P1PP1PPP/RNBQK1NR b KQkq - 0 2
	-0.295 {-0.270,-0.180,-1.350,-0.720,-0.630,0.000,-3.330,-0.900,-0.090,0.270,-0.090,-0.090,-0.090,0.000,-0.360,0.090,-0.900,0.090,-0.540,-0.180,0.090,-0.090,0.000,0.090,-0.450,0.270,0.270,0.180,0.360} rnbqkbnr/pp2pppp/2p5/1B1p4/P3P3/8/1PPP1PPP/RNBQK1NR b KQkq - 0 2
	-0.298 {-0.450,-0.180,-1.350,-0.720,-0.540,0.000,-3.330,-0.900,-0.090,0.270,-0.090,-0.090,-0.090,0.000,-0.360,0.090,-0.900,0.090,-0.540,-0.180,0.090,-0.090,0.000,0.090,-0.450,0.270,0.270,0.180,0.360} rnbqkbnr/pp2pppp/2p5/1B1p4/4P3/8/PPPP1PPP/RNBQ1KNR b KQkq - 0 2
	-0.298 {-0.270,-0.180,-1.350,-0.720,-0.720,0.000,-3.420,-0.900,-0.180,0.270,-0.090,-0.090,-0.090,0.000,-0.540,0.090,-0.720,0.090,-0.540,-0.180,0.090,-0.090,0.000,0.090,-0.270,0.270,0.270,0.180,0.360} rnbqkbnr/pp2pppp/2p5/1B1p4/4PP2/8/PPPP2PP/RNBQK1NR b KQkq - 0 2
	-0.302 {-0.280,-0.190,-1.450,-0.370,-0.730,-0.010,-3.430,-0.910,-0.100,0.260,-0.100,-0.100,-0.100,-0.010,-0.370,0.080,-0.910,0.080,-0.550,-0.190,0.080,-0.100,-0.010,0.080,-0.460,0.260,0.260,0.170,0.350} rnbqkbnr/pp2pppp/2p5/1B1p4/4P3/5N2/PPPP1PPP/RNBQK2R b KQkq - 0 2
	-0.307 {-2.970,-0.090,-1.260,-0.630,-0.630,0.090,-3.330,-0.810,0.000,0.360,0.000,0.000,0.000,0.090,-0.270,0.180,-0.810,0.180,-0.450,-0.090,0.180,0.000,0.090,0.180,-0.360,0.360,0.360,0.270,0.450} rnbqkbnr/pp2pppp/2p5/1B1p4/4P3/7N/PPPP1PPP/RNBQK2R b KQkq - 0 2
	-0.395 {-0.370,-0.280,-1.450,-0.820,-0.730,-0.100,-3.430,-1.000,-0.190,0.170,-0.190,-0.190,-0.190,-0.100,-0.460,-0.010,-1.000,-0.010,-0.640,-0.280,-0.010,-0.190,-0.100,-0.010,-0.550,0.170,0.170,0.080,0.260} rnbqkbnr/pp2pppp/2p5/1B1p4/4P3/N7/PPPP1PPP/R1BQK1NR b KQkq - 0 2
	-0.398 {-0.370,-0.280,-1.450,-0.820,-0.730,-0.100,-3.520,-1.000,-0.190,0.170,-0.190,-0.190,-0.190,-0.100,-0.460,-0.010,-1.000,-0.010,-0.640,-0.280,-0.010,-0.190,-0.100,-0.010,-0.550,0.170,0.170,0.080,0.260} rnbqkbnr/pp2pppp/2p5/1B1p4/4P3/P7/1PPP1PPP/RNBQK1NR b KQkq - 0 2
	-0.404 {-0.640,-0.280,-1.450,-0.820,-0.820,-0.100,-3.520,-1.000,-0.190,0.170,-0.190,-0.190,-0.190,-0.100,-0.460,-0.010,-0.910,-0.010,-0.640,-0.280,-0.010,-0.190,-0.100,-0.010,-0.460,0.170,0.170,0.080,0.260} rnbqkbnr/pp2pppp/2p5/1B1p4/4P3/6P1/PPPP1P1P/RNBQK1NR b KQkq - 0 2
	-0.420 {-1.000,-0.280,-1.450,-0.730,-0.820,-0.100,-3.520,-1.000,-0.190,0.170,-0.190,-0.190,-0.190,-0.100,-0.460,-0.010,-1.000,-0.010,-0.640,-0.280,-0.010,-0.190,-0.100,-0.010,-0.550,0.170,0.170,0.080,0.260} rnbqkbnr/pp2pppp/2p5/1B1p4/4P3/7P/PPPP1PP1/RNBQK1NR b KQkq - 0 2
	-0.496 {-0.480,-0.390,-1.560,-0.660,-0.930,-0.210,-3.450,-1.110,-0.300,0.060,-0.300,-0.300,-0.300,-0.210,-0.570,-0.120,-1.110,-0.120,-0.750,-0.390,-0.120,-0.300,-0.210,-0.120,-0.660,0.060,0.060,-0.030,0.150} rnbqkbnr/pp2pppp/2p5/1B1p4/4P3/8/PPPPNPPP/RNBQK2R b KQkq - 0 2
	-0.513 {-0.370,-0.280,-1.450,-0.820,-1.000,-0.370,-0.190,-1.000,-0.190,0.170,-0.190,-0.190,-3.520,-3.160,-0.640,0.170,-1.000,-0.010,-0.640,-0.280,-0.010,-0.190,-0.100,-0.010,-0.550,0.260,0.260,0.170,0.260} rnbqkbnr/pp2pppp/B1p5/3p4/4P3/8/PPPP1PPP/RNBQK1NR b KQkq - 0 2
	-0.521 {-0.470,-1.460,-0.380,-1.550,-0.920,-0.920,-0.200,-3.260,-1.100,-0.290,0.070,-0.290,-0.290,-0.290,-0.200,-0.560,-0.110,-1.100,-0.110,-0.740,-0.380,-0.110,-0.290,-0.200,-0.110,-0.650,0.070,0.070,-0.020,0.160} rnbqkbnr/pp2pppp/2p5/1B1p4/2P1P3/8/PP1P1PPP/RNBQK1NR b KQkq - 0 2
	-0.541 {-0.380,-1.550,-1.730,-0.920,-0.200,-3.620,-1.100,-0.200,-0.020,-0.290,-0.290,-0.290,-0.200,-0.560,-0.110,-1.100,-0.110,-0.830,-0.380,-0.110,-0.290,-0.200,-0.110,-0.650,-0.020,0.070,-0.020,0.070} rnbqkbnr/pp2pppp/2p5/1B1p4/4P1P1/8/PPPP1P1P/RNBQK1NR b KQkq - 0 2
	-0.569 {-0.470,-0.470,-1.730,-2.900,-0.740,-0.200,-3.440,-1.100,-0.290,0.070,-0.290,-0.290,-0.290,-0.200,-0.650,-0.110,-1.100,-0.110,-0.740,-0.380,-0.110,-0.290,-0.200,-0.110,-0.650,0.070,0.070,-0.020,0.160} rnbqkbnr/pp2pppp/2p5/1B1p4/4P3/8/PPPPKPPP/RNBQ2NR b KQkq - 0 2
	-0.576 {-0.570,-3.900,-0.210,-1.380,-1.020,-1.110,-0.300,-0.570,-0.300,-1.200,-0.390,-0.030,-0.390,-0.390,-0.390,-0.210,-0.840,-0.210,-1.200,-0.210,-0.840,-0.480,-0.210,-0.390,-0.300,-0.210,-0.750,0.060,0.060,-0.030,0.060} rnbqkbnr/pp2pppp/2p5/3p4/2B1P3/8/PPPP1PPP/RNBQK1NR b KQkq - 0 2
	-0.583 {-0.670,-0.580,-1.750,-1.120,-1.210,-0.400,-0.580,-0.490,-1.300,-0.490,-0.130,-0.490,-0.490,-0.490,-0.310,-0.940,-0.310,-1.300,-0.310,-0.940,-0.580,-0.310,-0.490,-0.400,-0.310,-0.850,-0.040,-0.040,-0.130,-0.040} rnbqkbnr/pp2pppp/2p5/3p4/4P3/8/PPPP1PPP/RNBQKBNR b KQkq - 0 2
	-0.668 {-0.770,-0.500,-1.760,-1.220,-1.130,-0.500,-0.680,-0.590,-1.400,-0.590,-0.230,-0.590,-0.590,-0.590,-0.410,-1.040,-0.410,-1.400,-0.410,-1.040,-0.680,-0.410,-0.590,-0.500,-0.410,-0.950,-0.140,-0.140,-0.230,-0.140} rnbqkbnr/pp2pppp/2p5/3p4/4P3/3B4/PPPP1PPP/RNBQK1NR b KQkq - 0 2
	-0.692 {-0.670,-0.580,-1.750,-0.670,-1.120,-0.400,-3.820,-1.300,-0.490,-0.130,-0.490,-0.490,-0.490,-0.400,-0.940,-0.310,-1.300,-0.310,-0.940,-0.580,-0.310,-0.490,-0.400,-0.310,-0.850,-0.130,-0.130,-0.220,-0.040} rnbqkbnr/pp2pppp/2p5/1B1p4/4P3/5P2/PPPP2PP/RNBQK1NR b KQkq - 0 2
	-0.692 {-0.770,-0.680,-1.850,-1.220,-1.130,-0.410,-0.860,-1.400,-0.590,-0.230,-0.590,-0.590,-0.590,-0.410,-1.040,-0.410,-1.400,-0.410,-1.040,-0.680,-0.410,-0.590,-0.500,-0.410,-0.950,-0.230,-0.230,-0.320,-0.140} rnbqkbnr/pp2pppp/2p5/3p4/B3P3/8/PPPP1PPP/RNBQK1NR b KQkq - 0 2
	-0.777 {-0.870,-0.780,-1.950,-1.140,-1.410,-0.600,-0.780,-0.690,-1.500,-0.690,-0.330,-0.690,-0.690,-0.690,-0.510,-1.140,-0.510,-1.500,-0.510,-1.140,-0.780,-0.510,-0.690,-0.600,-0.510,-1.050,-0.240,-0.240,-0.330,-0.240} rnbqkbnr/pp2pppp/2p5/3p4/4P3/8/PPPPBPPP/RNBQK1NR b KQkq - 0 2
psql:test/sql/regress/_.sql:51: INFO:  0 turns to go (2029 games)
ID: rnbqkbnr/pp2pppp/2p5/1B1p3Q/4P3/8/PPPP1PPP/RNB1K1NR b KQkq - 0 2
psql:test/sql/regress/_.sql:51: INFO:  game ended after 3 iterations
