psql:test/sql/regress/_.sql:51: INFO:  10 turns to go (1 games)
ID: rnbqkbnr/ppp1pppp/8/3p4/4P3/8/PPPP1PPP/RNBQKBNR w KQkq - 0 1
psql:test/sql/regress/_.sql:51: INFO:  Score: -3.100
Choices:
	2.900 {2.900} rnbqkbnr/ppp1pppp/8/1B1p4/4P3/8/PPPP1PPP/RNBQK1NR b KQkq - 0 1
	1.400 {1.400} rnbqkbnr/ppp1pppp/8/3p3Q/4P3/8/PPPP1PPP/RNB1KBNR b KQkq - 0 1
	1.300 {1.300} rnbqkbnr/ppp1pppp/8/3p4/4P1Q1/8/PPPP1PPP/RNB1KBNR b KQkq - 0 1
	1.000 {1.000} rnbqkbnr/ppp1pppp/8/3P4/8/8/PPPP1PPP/RNBQKBNR b KQkq - 0 1
	0.900 {0.900} rnbqkbnr/ppp1pppp/8/3p4/4P3/5Q2/PPPP1PPP/RNB1KBNR b KQkq - 0 1
	0.800 {0.800} rnbqkbnr/ppp1pppp/8/3p4/3PP3/8/PPP2PPP/RNBQKBNR b KQkq - 0 1
	0.300 {0.300} rnbqkbnr/ppp1pppp/8/3p4/4P3/3P4/PPP2PPP/RNBQKBNR b KQkq - 0 1
	0.300 {0.300} rnbqkbnr/ppp1pppp/B7/3p4/4P3/8/PPPP1PPP/RNBQK1NR b KQkq - 0 1
	0.200 {0.200} rnbqkbnr/ppp1pppp/8/3p4/4P3/2N5/PPPP1PPP/R1BQKBNR b KQkq - 0 1
	0.100 {0.100} rnbqkbnr/ppp1pppp/8/3p4/1P2P3/8/P1PP1PPP/RNBQKBNR b KQkq - 0 1
	0.100 {0.100} rnbqkbnr/ppp1pppp/8/3p4/2B1P3/8/PPPP1PPP/RNBQK1NR b KQkq - 0 1
	0.100 {0.100} rnbqkbnr/ppp1pppp/8/3p4/4P2P/8/PPPP1PP1/RNBQKBNR b KQkq - 0 1
	0.100 {0.100} rnbqkbnr/ppp1pppp/8/3p4/4P3/1P6/P1PP1PPP/RNBQKBNR b KQkq - 0 1
	0.100 {0.100} rnbqkbnr/ppp1pppp/8/3p4/4P3/2P5/PP1P1PPP/RNBQKBNR b KQkq - 0 1
	0.100 {0.100} rnbqkbnr/ppp1pppp/8/3p4/4P3/6P1/PPPP1P1P/RNBQKBNR b KQkq - 0 1
	0.100 {0.100} rnbqkbnr/ppp1pppp/8/3p4/P3P3/8/1PPP1PPP/RNBQKBNR b KQkq - 0 1
	0.100 {0.100} rnbqkbnr/ppp1pppp/8/3pP3/8/8/PPPP1PPP/RNBQKBNR b KQkq - 0 1
	0.000 {0.000} rnbqkbnr/ppp1pppp/8/3p4/4P1P1/8/PPPP1P1P/RNBQKBNR b KQkq - 0 1
	0.000 {0.000} rnbqkbnr/ppp1pppp/8/3p4/4P3/N7/PPPP1PPP/R1BQKBNR b KQkq - 0 1
	0.000 {0.000} rnbqkbnr/ppp1pppp/8/3p4/4PP2/8/PPPP2PP/RNBQKBNR b KQkq - 0 1
	-0.100 {-0.100} rnbqkbnr/ppp1pppp/8/3p4/2P1P3/8/PP1P1PPP/RNBQKBNR b KQkq - 0 1
	-0.100 {-0.100} rnbqkbnr/ppp1pppp/8/3p4/4P3/3B4/PPPP1PPP/RNBQK1NR b KQkq - 0 1
	-0.100 {-0.100} rnbqkbnr/ppp1pppp/8/3p4/4P3/7N/PPPP1PPP/RNBQKB1R b KQkq - 0 1
	-0.100 {-0.100} rnbqkbnr/ppp1pppp/8/3p4/4P3/7P/PPPP1PP1/RNBQKBNR b KQkq - 0 1
	-0.100 {-0.100} rnbqkbnr/ppp1pppp/8/3p4/4P3/8/PPPPQPPP/RNB1KBNR b KQkq - 0 1
	-0.100 {-0.100} rnbqkbnr/ppp1pppp/8/3p4/4P3/P7/1PPP1PPP/RNBQKBNR b KQkq - 0 1
	-0.200 {-0.200} rnbqkbnr/ppp1pppp/8/3p4/4P3/5N2/PPPP1PPP/RNBQKB1R b KQkq - 0 1
	-0.200 {-0.200} rnbqkbnr/ppp1pppp/8/3p4/4P3/8/PPPPBPPP/RNBQK1NR b KQkq - 0 1
	-0.400 {-0.400} rnbqkbnr/ppp1pppp/8/3p4/4P3/5P2/PPPP2PP/RNBQKBNR b KQkq - 0 1
	-0.600 {-0.600} rnbqkbnr/ppp1pppp/8/3p4/4P3/8/PPPPKPPP/RNBQ1BNR b KQkq - 0 1
	-0.700 {-0.700} rnbqkbnr/ppp1pppp/8/3p4/4P3/8/PPPPNPPP/RNBQKB1R b KQkq - 0 1
psql:test/sql/regress/_.sql:51: INFO:  9 turns to go (32 games)
ID: rnbqkbnr/ppp1pppp/8/1B1p4/4P3/8/PPPP1PPP/RNBQK1NR b KQkq - 0 1
psql:test/sql/regress/_.sql:51: INFO:  Score: 0.500
Choices:
	2.600 {2.600} rnbqkbnr/pp2pppp/2p5/1B1p4/4P3/8/PPPP1PPP/RNBQK1NR w KQkq - 0 2
	2.100 {2.100} r1bqkbnr/ppp1pppp/2n5/1B1p4/4P3/8/PPPP1PPP/RNBQK1NR w KQkq - 0 2
	1.800 {1.800} rn1qkbnr/pppbpppp/8/1B1p4/4P3/8/PPPP1PPP/RNBQK1NR w KQkq - 0 2
	1.800 {1.800} rnb1kbnr/pppqpppp/8/1B1p4/4P3/8/PPPP1PPP/RNBQK1NR w KQkq - 0 2
	1.400 {1.400} r1bqkbnr/pppnpppp/8/1B1p4/4P3/8/PPPP1PPP/RNBQK1NR w KQkq - 0 2
psql:test/sql/regress/_.sql:51: INFO:  8 turns to go (37 games)
ID: rnbqkbnr/pp2pppp/2p5/1B1p4/4P3/8/PPPP1PPP/RNBQK1NR w KQkq - 0 2
psql:test/sql/regress/_.sql:51: INFO:  Score: -3.800
Choices:
	3.300 {3.300} rnbqkbnr/pp2pppp/2B5/3p4/4P3/8/PPPP1PPP/RNBQK1NR b KQkq - 0 2
	1.400 {1.400} rnbqkbnr/pp2pppp/2p5/1B1p3Q/4P3/8/PPPP1PPP/RNB1K1NR b KQkq - 0 2
	1.300 {1.300} rnbqkbnr/pp2pppp/2p5/1B1p4/4P1Q1/8/PPPP1PPP/RNB1K1NR b KQkq - 0 2
	1.100 {1.100} rnbqkbnr/pp2pppp/2p5/1B1P4/8/8/PPPP1PPP/RNBQK1NR b KQkq - 0 2
	0.900 {0.900} rnbqkbnr/pp2pppp/2p5/1B1p4/4P3/5Q2/PPPP1PPP/RNB1K1NR b KQkq - 0 2
	0.800 {0.800} rnbqkbnr/pp2pppp/2p5/1B1p4/3PP3/8/PPP2PPP/RNBQK1NR b KQkq - 0 2
	0.400 {0.400} rnbqkbnr/pp2pppp/2p5/1B1p4/4P3/3P4/PPP2PPP/RNBQK1NR b KQkq - 0 2
	0.100 {0.100} rnbqkbnr/pp2pppp/2p5/1B1p4/4P2P/8/PPPP1PP1/RNBQK1NR b KQkq - 0 2
	0.100 {0.100} rnbqkbnr/pp2pppp/2p5/1B1p4/4P3/1P6/P1PP1PPP/RNBQK1NR b KQkq - 0 2
	0.100 {0.100} rnbqkbnr/pp2pppp/2p5/1B1p4/4P3/2N5/PPPP1PPP/R1BQK1NR b KQkq - 0 2
	0.100 {0.100} rnbqkbnr/pp2pppp/2p5/1B1p4/4P3/2P5/PP1P1PPP/RNBQK1NR b KQkq - 0 2
	0.100 {0.100} rnbqkbnr/pp2pppp/2p5/1B1p4/4P3/8/PPPPQPPP/RNB1K1NR b KQkq - 0 2
	0.100 {0.100} rnbqkbnr/pp2pppp/2p5/1B1pP3/8/8/PPPP1PPP/RNBQK1NR b KQkq - 0 2
	0.000 {0.000} rnbqkbnr/pp2pppp/2p5/1B1p4/1P2P3/8/P1PP1PPP/RNBQK1NR b KQkq - 0 2
	0.000 {0.000} rnbqkbnr/pp2pppp/2p5/1B1p4/4P3/7N/PPPP1PPP/RNBQK2R b KQkq - 0 2
	0.000 {0.000} rnbqkbnr/pp2pppp/2p5/1B1p4/4P3/8/PPPP1PPP/RNBQ1KNR b KQkq - 0 2
	0.000 {0.000} rnbqkbnr/pp2pppp/2p5/1B1p4/4PP2/8/PPPP2PP/RNBQK1NR b KQkq - 0 2
	0.000 {0.000} rnbqkbnr/pp2pppp/2p5/1B1p4/P3P3/8/1PPP1PPP/RNBQK1NR b KQkq - 0 2
	-0.100 {-0.100} rnbqkbnr/pp2pppp/2p5/1B1p4/4P3/5N2/PPPP1PPP/RNBQK2R b KQkq - 0 2
	-0.100 {-0.100} rnbqkbnr/pp2pppp/2p5/1B1p4/4P3/6P1/PPPP1P1P/RNBQK1NR b KQkq - 0 2
	-0.100 {-0.100} rnbqkbnr/pp2pppp/2p5/1B1p4/4P3/7P/PPPP1PP1/RNBQK1NR b KQkq - 0 2
	-0.100 {-0.100} rnbqkbnr/pp2pppp/2p5/1B1p4/4P3/N7/PPPP1PPP/R1BQK1NR b KQkq - 0 2
	-0.100 {-0.100} rnbqkbnr/pp2pppp/2p5/1B1p4/4P3/P7/1PPP1PPP/RNBQK1NR b KQkq - 0 2
	-0.100 {-0.100} rnbqkbnr/pp2pppp/B1p5/3p4/4P3/8/PPPP1PPP/RNBQK1NR b KQkq - 0 2
	-0.200 {-0.200} rnbqkbnr/pp2pppp/2p5/1B1p4/2P1P3/8/PP1P1PPP/RNBQK1NR b KQkq - 0 2
	-0.200 {-0.200} rnbqkbnr/pp2pppp/2p5/1B1p4/4P1P1/8/PPPP1P1P/RNBQK1NR b KQkq - 0 2
	-0.200 {-0.200} rnbqkbnr/pp2pppp/2p5/1B1p4/4P3/8/PPPPKPPP/RNBQ2NR b KQkq - 0 2
	-0.300 {-0.300} rnbqkbnr/pp2pppp/2p5/1B1p4/4P3/8/PPPPNPPP/RNBQK2R b KQkq - 0 2
	-0.300 {-0.300} rnbqkbnr/pp2pppp/2p5/3p4/2B1P3/8/PPPP1PPP/RNBQK1NR b KQkq - 0 2
	-0.400 {-0.400} rnbqkbnr/pp2pppp/2p5/1B1p4/4P3/5P2/PPPP2PP/RNBQK1NR b KQkq - 0 2
	-0.400 {-0.400} rnbqkbnr/pp2pppp/2p5/3p4/4P3/8/PPPP1PPP/RNBQKBNR b KQkq - 0 2
	-0.500 {-0.500} rnbqkbnr/pp2pppp/2p5/3p4/4P3/3B4/PPPP1PPP/RNBQK1NR b KQkq - 0 2
	-0.500 {-0.500} rnbqkbnr/pp2pppp/2p5/3p4/B3P3/8/PPPP1PPP/RNBQK1NR b KQkq - 0 2
	-0.600 {-0.600} rnbqkbnr/pp2pppp/2p5/3p4/4P3/8/PPPPBPPP/RNBQK1NR b KQkq - 0 2
psql:test/sql/regress/_.sql:51: INFO:  7 turns to go (71 games)
ID: rnbqkbnr/pp2pppp/2B5/3p4/4P3/8/PPPP1PPP/RNBQK1NR b KQkq - 0 2
psql:test/sql/regress/_.sql:51: INFO:  Score: -2.600
Choices:
	6.400 {6.400} r1bqkbnr/pp2pppp/2n5/3p4/4P3/8/PPPP1PPP/RNBQK1NR w KQkq - 0 3
	6.100 {6.100} rnbqkbnr/p3pppp/2p5/3p4/4P3/8/PPPP1PPP/RNBQK1NR w KQkq - 0 3
	2.000 {2.000} rn1qkbnr/pp1bpppp/2B5/3p4/4P3/8/PPPP1PPP/RNBQK1NR w KQkq - 0 3
	1.700 {1.700} r1bqkbnr/pp1npppp/2B5/3p4/4P3/8/PPPP1PPP/RNBQK1NR w KQkq - 0 3
	1.700 {1.700} rnb1kbnr/pp1qpppp/2B5/3p4/4P3/8/PPPP1PPP/RNBQK1NR w KQkq - 0 3
psql:test/sql/regress/_.sql:51: INFO:  6 turns to go (76 games)
ID: r1bqkbnr/pp2pppp/2n5/3p4/4P3/8/PPPP1PPP/RNBQK1NR w KQkq - 0 3
psql:test/sql/regress/_.sql:51: INFO:  Score: 1.200
Choices:
	1.400 {1.400} r1bqkbnr/pp2pppp/2n5/3p3Q/4P3/8/PPPP1PPP/RNB1K1NR b KQkq - 0 3
	1.300 {1.300} r1bqkbnr/pp2pppp/2n5/3p4/4P1Q1/8/PPPP1PPP/RNB1K1NR b KQkq - 0 3
	1.100 {1.100} r1bqkbnr/pp2pppp/2n5/3P4/8/8/PPPP1PPP/RNBQK1NR b KQkq - 0 3
	0.900 {0.900} r1bqkbnr/pp2pppp/2n5/3p4/4P3/5Q2/PPPP1PPP/RNB1K1NR b KQkq - 0 3
	0.800 {0.800} r1bqkbnr/pp2pppp/2n5/3p4/3PP3/8/PPP2PPP/RNBQK1NR b KQkq - 0 3
	0.700 {0.700} r1bqkbnr/pp2pppp/2n5/3p4/4P3/3P4/PPP2PPP/RNBQK1NR b KQkq - 0 3
	0.500 {0.500} r1bqkbnr/pp2pppp/2n5/3p4/4P3/8/PPPPQPPP/RNB1K1NR b KQkq - 0 3
	0.200 {0.200} r1bqkbnr/pp2pppp/2n5/3p4/2P1P3/8/PP1P1PPP/RNBQK1NR b KQkq - 0 3
	0.200 {0.200} r1bqkbnr/pp2pppp/2n5/3p4/4P3/2N5/PPPP1PPP/R1BQK1NR b KQkq - 0 3
	0.100 {0.100} r1bqkbnr/pp2pppp/2n5/3p4/1P2P3/8/P1PP1PPP/RNBQK1NR b KQkq - 0 3
	0.100 {0.100} r1bqkbnr/pp2pppp/2n5/3p4/4P2P/8/PPPP1PP1/RNBQK1NR b KQkq - 0 3
	0.100 {0.100} r1bqkbnr/pp2pppp/2n5/3p4/4P3/1P6/P1PP1PPP/RNBQK1NR b KQkq - 0 3
	0.100 {0.100} r1bqkbnr/pp2pppp/2n5/3p4/4P3/2P5/PP1P1PPP/RNBQK1NR b KQkq - 0 3
	0.100 {0.100} r1bqkbnr/pp2pppp/2n5/3p4/4P3/8/PPPP1PPP/RNBQ1KNR b KQkq - 0 3
	0.100 {0.100} r1bqkbnr/pp2pppp/2n5/3p4/P3P3/8/1PPP1PPP/RNBQK1NR b KQkq - 0 3
	0.100 {0.100} r1bqkbnr/pp2pppp/2n5/3pP3/8/8/PPPP1PPP/RNBQK1NR b KQkq - 0 3
	0.000 {0.000} r1bqkbnr/pp2pppp/2n5/3p4/4P3/7N/PPPP1PPP/RNBQK2R b KQkq - 0 3
	0.000 {0.000} r1bqkbnr/pp2pppp/2n5/3p4/4P3/8/PPPPKPPP/RNBQ2NR b KQkq - 0 3
	0.000 {0.000} r1bqkbnr/pp2pppp/2n5/3p4/4P3/N7/PPPP1PPP/R1BQK1NR b KQkq - 0 3
	0.000 {0.000} r1bqkbnr/pp2pppp/2n5/3p4/4PP2/8/PPPP2PP/RNBQK1NR b KQkq - 0 3
	-0.100 {-0.100} r1bqkbnr/pp2pppp/2n5/3p4/4P3/5N2/PPPP1PPP/RNBQK2R b KQkq - 0 3
	-0.100 {-0.100} r1bqkbnr/pp2pppp/2n5/3p4/4P3/6P1/PPPP1P1P/RNBQK1NR b KQkq - 0 3
	-0.100 {-0.100} r1bqkbnr/pp2pppp/2n5/3p4/4P3/7P/PPPP1PP1/RNBQK1NR b KQkq - 0 3
	-0.100 {-0.100} r1bqkbnr/pp2pppp/2n5/3p4/4P3/8/PPPPNPPP/RNBQK2R b KQkq - 0 3
	-0.100 {-0.100} r1bqkbnr/pp2pppp/2n5/3p4/4P3/P7/1PPP1PPP/RNBQK1NR b KQkq - 0 3
	-0.200 {-0.200} r1bqkbnr/pp2pppp/2n5/3p4/4P1P1/8/PPPP1P1P/RNBQK1NR b KQkq - 0 3
	-0.400 {-0.400} r1bqkbnr/pp2pppp/2n5/3p4/4P3/5P2/PPPP2PP/RNBQK1NR b KQkq - 0 3
psql:test/sql/regress/_.sql:51: INFO:  5 turns to go (103 games)
ID: r1bqkbnr/pp2pppp/2n5/3p3Q/4P3/8/PPPP1PPP/RNB1K1NR b KQkq - 0 3
psql:test/sql/regress/_.sql:51: INFO:  Score: -2.500
Choices:
	1.300 {1.300} r2qkbnr/pp2pppp/2n5/3p3Q/4P1b1/8/PPPP1PPP/RNB1K1NR w KQkq - 0 4
	1.200 {1.200} r1b1kbnr/pp2pppp/2nq4/3p3Q/4P3/8/PPPP1PPP/RNB1K1NR w KQkq - 0 4
	1.200 {1.200} r1bqkbnr/pp2pppp/2n5/7Q/4p3/8/PPPP1PPP/RNB1K1NR w KQkq - 0 4
	1.100 {1.100} r1bqkbnr/pp3ppp/2n5/3pp2Q/4P3/8/PPPP1PPP/RNB1K1NR w KQkq - 0 4
	0.900 {0.900} r1b1kbnr/pp2pppp/2n5/q2p3Q/4P3/8/PPPP1PPP/RNB1K1NR w KQkq - 0 4
	0.700 {0.700} r1b1kbnr/pp2pppp/1qn5/3p3Q/4P3/8/PPPP1PPP/RNB1K1NR w KQkq - 0 4
	0.700 {0.700} r1b1kbnr/ppq1pppp/2n5/3p3Q/4P3/8/PPPP1PPP/RNB1K1NR w KQkq - 0 4
	0.700 {0.700} r1bqkbnr/pp3ppp/2n1p3/3p3Q/4P3/8/PPPP1PPP/RNB1K1NR w KQkq - 0 4
	0.600 {0.600} r2qkbnr/pp2pppp/2n5/3p1b1Q/4P3/8/PPPP1PPP/RNB1K1NR w KQkq - 0 4
	0.500 {0.500} r1bqkbnr/pp2pp1p/2n3p1/3p3Q/4P3/8/PPPP1PPP/RNB1K1NR w KQkq - 0 4
	0.500 {0.500} r2qkbnr/pp2pppp/2n5/3p3Q/4P3/7b/PPPP1PPP/RNB1K1NR w KQkq - 0 4
	0.400 {0.400} r1bqkb1r/pp2pppp/2n2n2/3p3Q/4P3/8/PPPP1PPP/RNB1K1NR w KQkq - 0 4
	0.400 {0.400} r1bqkbnr/pp2pp1p/2n5/3p2pQ/4P3/8/PPPP1PPP/RNB1K1NR w KQkq - 0 4
	0.400 {0.400} r1bqkbnr/pp2pppp/8/3p3Q/3nP3/8/PPPP1PPP/RNB1K1NR w KQkq - 0 4
	0.300 {0.300} r1bqkbnr/pp2pppp/8/3pn2Q/4P3/8/PPPP1PPP/RNB1K1NR w KQkq - 0 4
	0.200 {0.200} r1bqkb1r/pp2pppp/2n4n/3p3Q/4P3/8/PPPP1PPP/RNB1K1NR w KQkq - 0 4
	0.100 {0.100} r1bqkbnr/1p2pppp/p1n5/3p3Q/4P3/8/PPPP1PPP/RNB1K1NR w KQkq - 0 4
	0.100 {0.100} r1bqkbnr/p3pppp/2n5/1p1p3Q/4P3/8/PPPP1PPP/RNB1K1NR w KQkq - 0 4
	0.100 {0.100} r1bqkbnr/pp2pppp/8/3p3Q/1n2P3/8/PPPP1PPP/RNB1K1NR w KQkq - 0 4
	0.100 {0.100} r2qkbnr/pp2pppp/2n1b3/3p3Q/4P3/8/PPPP1PPP/RNB1K1NR w KQkq - 0 4
	0.000 {0.000} r1bqkbnr/1p2pppp/2n5/p2p3Q/4P3/8/PPPP1PPP/RNB1K1NR w KQkq - 0 4
	0.000 {0.000} r1bqkbnr/pp2ppp1/2n4p/3p3Q/4P3/8/PPPP1PPP/RNB1K1NR w KQkq - 0 4
	0.000 {0.000} r2qkbnr/pp1bpppp/2n5/3p3Q/4P3/8/PPPP1PPP/RNB1K1NR w KQkq - 0 4
	-0.100 {-0.100} 1rbqkbnr/pp2pppp/2n5/3p3Q/4P3/8/PPPP1PPP/RNB1K1NR w KQkq - 0 4
	-0.100 {-0.100} r1bq1bnr/pp1kpppp/2n5/3p3Q/4P3/8/PPPP1PPP/RNB1K1NR w KQkq - 0 4
	-0.100 {-0.100} r1bqkbnr/p3pppp/1pn5/3p3Q/4P3/8/PPPP1PPP/RNB1K1NR w KQkq - 0 4
	-0.200 {-0.200} r1b1kbnr/pp1qpppp/2n5/3p3Q/4P3/8/PPPP1PPP/RNB1K1NR w KQkq - 0 4
	-0.200 {-0.200} r1bqkbnr/pp2pppp/2n5/7Q/3pP3/8/PPPP1PPP/RNB1K1NR w KQkq - 0 4
	-0.300 {-0.300} rnbqkbnr/pp2pppp/8/3p3Q/4P3/8/PPPP1PPP/RNB1K1NR w KQkq - 0 4
	-0.400 {-0.400} r1bqkbnr/pp2pppp/8/n2p3Q/4P3/8/PPPP1PPP/RNB1K1NR w KQkq - 0 4
psql:test/sql/regress/_.sql:51: INFO:  4 turns to go (133 games)
ID: r2qkbnr/pp2pppp/2n5/3p3Q/4P1b1/8/PPPP1PPP/RNB1K1NR w KQkq - 0 4
psql:test/sql/regress/_.sql:51: INFO:  Score: -2.200
Choices:
	4.700 {4.700} r2qkbnr/pp2pQpp/2n5/3p4/4P1b1/8/PPPP1PPP/RNB1K1NR b KQkq - 0 4
	4.300 {4.300} r2qkbnr/pp2pppp/2n5/3p4/4P1Q1/8/PPPP1PPP/RNB1K1NR b KQkq - 0 4
	1.400 {1.400} r2qkbnr/pp2pppp/2n5/3Q4/4P1b1/8/PPPP1PPP/RNB1K1NR b KQkq - 0 4
	1.000 {1.000} r2qkbnr/pp2pppp/2n5/3P3Q/6b1/8/PPPP1PPP/RNB1K1NR b KQkq - 0 4
	0.600 {0.600} r2qkbnr/pp2pppp/2n5/3p3Q/3PP1b1/8/PPP2PPP/RNB1K1NR b KQkq - 0 4
	0.600 {0.600} r2qkbnr/pp2pppp/2n5/3p3Q/4P1b1/3P4/PPP2PPP/RNB1K1NR b KQkq - 0 4
	0.600 {0.600} r2qkbnr/pp2pppp/2n5/3p3Q/4P1b1/5N2/PPPP1PPP/RNB1K2R b KQkq - 0 4
	0.600 {0.600} r2qkbnr/pp2pppp/2n5/3p3Q/4P1b1/8/PPPPNPPP/RNB1K2R b KQkq - 0 4
	0.600 {0.600} r2qkbnr/pp2pppQ/2n5/3p4/4P1b1/8/PPPP1PPP/RNB1K1NR b KQkq - 0 4
	0.500 {0.500} r2qkbnr/pp2pppp/2n5/3p1Q2/4P1b1/8/PPPP1PPP/RNB1K1NR b KQkq - 0 4
	0.400 {0.400} r2qkbnr/pp2pppp/2n5/3p3Q/4P1b1/5P2/PPPP2PP/RNB1K1NR b KQkq - 0 4
	0.300 {0.300} r2qkbnr/pp2pppp/2n5/3p3Q/4P1b1/2N5/PPPP1PPP/R1B1K1NR b KQkq - 0 4
	0.100 {0.100} r2qkbnr/pp2pppp/2n5/3p3Q/1P2P1b1/8/P1PP1PPP/RNB1K1NR b KQkq - 0 4
	0.100 {0.100} r2qkbnr/pp2pppp/2n5/3p3Q/4P1b1/1P6/P1PP1PPP/RNB1K1NR b KQkq - 0 4
	0.100 {0.100} r2qkbnr/pp2pppp/2n5/3p3Q/P3P1b1/8/1PPP1PPP/RNB1K1NR b KQkq - 0 4
	0.100 {0.100} r2qkbnr/pp2pppp/2n5/3pQ3/4P1b1/8/PPPP1PPP/RNB1K1NR b KQkq - 0 4
	0.000 {0.000} r2qkbnr/pp2pppp/2n3Q1/3p4/4P1b1/8/PPPP1PPP/RNB1K1NR b KQkq - 0 4
	0.000 {0.000} r2qkbnr/pp2pppp/2n4Q/3p4/4P1b1/8/PPPP1PPP/RNB1K1NR b KQkq - 0 4
	0.000 {0.000} r2qkbnr/pp2pppp/2n5/3p2Q1/4P1b1/8/PPPP1PPP/RNB1K1NR b KQkq - 0 4
	0.000 {0.000} r2qkbnr/pp2pppp/2n5/3p3Q/4P1b1/8/PPPP1PPP/RNB2KNR b KQkq - 0 4
	0.000 {0.000} r2qkbnr/pp2pppp/2n5/3p3Q/4P1b1/N7/PPPP1PPP/R1B1K1NR b KQkq - 0 4
	0.000 {0.000} r2qkbnr/pp2pppp/2n5/3p3Q/4PPb1/8/PPPP2PP/RNB1K1NR b KQkq - 0 4
	-0.100 {-0.100} r2qkbnr/pp2pppp/2n5/3p3Q/2P1P1b1/8/PP1P1PPP/RNB1K1NR b KQkq - 0 4
	-0.100 {-0.100} r2qkbnr/pp2pppp/2n5/3p3Q/4P1b1/6P1/PPPP1P1P/RNB1K1NR b KQkq - 0 4
	-0.100 {-0.100} r2qkbnr/pp2pppp/2n5/3p3Q/4P1b1/7N/PPPP1PPP/RNB1K2R b KQkq - 0 4
	-0.100 {-0.100} r2qkbnr/pp2pppp/2n5/3p3Q/4P1b1/7P/PPPP1PP1/RNB1K1NR b KQkq - 0 4
	-0.100 {-0.100} r2qkbnr/pp2pppp/2n5/3p3Q/4P1b1/P7/1PPP1PPP/RNB1K1NR b KQkq - 0 4
	-0.100 {-0.100} r2qkbnr/pp2pppp/2n5/3pP2Q/6b1/8/PPPP1PPP/RNB1K1NR b KQkq - 0 4
	-0.200 {-0.200} r2qkbnr/pp2pppp/2n5/3p3Q/4P1b1/2P5/PP1P1PPP/RNB1K1NR b KQkq - 0 4
	-0.200 {-0.200} r2qkbnr/pp2pppp/2n5/3p3Q/4P1bP/8/PPPP1PP1/RNB1K1NR b KQkq - 0 4
	-0.500 {-0.500} r2qkbnr/pp2pppp/2n5/3p4/4P1b1/7Q/PPPP1PPP/RNB1K1NR b KQkq - 0 4
	-0.600 {-0.600} r2qkbnr/pp2pppp/2n5/3p4/4P1bQ/8/PPPP1PPP/RNB1K1NR b KQkq - 0 4
psql:test/sql/regress/_.sql:51: INFO:  3 turns to go (165 games)
ID: r2qkbnr/pp2pQpp/2n5/3p4/4P1b1/8/PPPP1PPP/RNB1K1NR b KQkq - 0 4
psql:test/sql/regress/_.sql:51: INFO:  Score: -12.100
Choices:
	14.300 {14.300} r2q1bnr/pp2pkpp/2n5/3p4/4P1b1/8/PPPP1PPP/RNB1K1NR w KQkq - 0 5
	3.300 {3.300} r2q1bnr/pp1kpQpp/2n5/3p4/4P1b1/8/PPPP1PPP/RNB1K1NR w KQkq - 0 5
psql:test/sql/regress/_.sql:51: INFO:  2 turns to go (167 games)
ID: r2q1bnr/pp2pkpp/2n5/3p4/4P1b1/8/PPPP1PPP/RNB1K1NR w KQkq - 0 5
psql:test/sql/regress/_.sql:51: INFO:  Score: 10.900
Choices:
	1.200 {1.200} r2q1bnr/pp2pkpp/2n5/3P4/6b1/8/PPPP1PPP/RNB1K1NR b KQkq - 0 5
	0.600 {0.600} r2q1bnr/pp2pkpp/2n5/3p4/3PP1b1/8/PPP2PPP/RNB1K1NR b KQkq - 0 5
	0.600 {0.600} r2q1bnr/pp2pkpp/2n5/3p4/4P1b1/3P4/PPP2PPP/RNB1K1NR b KQkq - 0 5
	0.600 {0.600} r2q1bnr/pp2pkpp/2n5/3p4/4P1b1/5N2/PPPP1PPP/RNB1K2R b KQkq - 0 5
	0.600 {0.600} r2q1bnr/pp2pkpp/2n5/3p4/4P1b1/8/PPPPNPPP/RNB1K2R b KQkq - 0 5
	0.400 {0.400} r2q1bnr/pp2pkpp/2n5/3p4/4P1b1/5P2/PPPP2PP/RNB1K1NR b KQkq - 0 5
	0.300 {0.300} r2q1bnr/pp2pkpp/2n5/3p4/4P1b1/2N5/PPPP1PPP/R1B1K1NR b KQkq - 0 5
	0.200 {0.200} r2q1bnr/pp2pkpp/2n5/3pP3/6b1/8/PPPP1PPP/RNB1K1NR b KQkq - 0 5
	0.100 {0.100} r2q1bnr/pp2pkpp/2n5/3p4/1P2P1b1/8/P1PP1PPP/RNB1K1NR b KQkq - 0 5
	0.100 {0.100} r2q1bnr/pp2pkpp/2n5/3p4/4P1b1/1P6/P1PP1PPP/RNB1K1NR b KQkq - 0 5
	0.100 {0.100} r2q1bnr/pp2pkpp/2n5/3p4/4P1bP/8/PPPP1PP1/RNB1K1NR b KQkq - 0 5
	0.100 {0.100} r2q1bnr/pp2pkpp/2n5/3p4/P3P1b1/8/1PPP1PPP/RNB1K1NR b KQkq - 0 5
	0.000 {0.000} r2q1bnr/pp2pkpp/2n5/3p4/4P1b1/7N/PPPP1PPP/RNB1K2R b KQkq - 0 5
	0.000 {0.000} r2q1bnr/pp2pkpp/2n5/3p4/4P1b1/7P/PPPP1PP1/RNB1K1NR b KQkq - 0 5
	0.000 {0.000} r2q1bnr/pp2pkpp/2n5/3p4/4P1b1/8/PPPP1PPP/RNB2KNR b KQkq - 0 5
	0.000 {0.000} r2q1bnr/pp2pkpp/2n5/3p4/4P1b1/N7/PPPP1PPP/R1B1K1NR b KQkq - 0 5
	0.000 {0.000} r2q1bnr/pp2pkpp/2n5/3p4/4PPb1/8/PPPP2PP/RNB1K1NR b KQkq - 0 5
	-0.100 {-0.100} r2q1bnr/pp2pkpp/2n5/3p4/2P1P1b1/8/PP1P1PPP/RNB1K1NR b KQkq - 0 5
	-0.100 {-0.100} r2q1bnr/pp2pkpp/2n5/3p4/4P1b1/6P1/PPPP1P1P/RNB1K1NR b KQkq - 0 5
	-0.100 {-0.100} r2q1bnr/pp2pkpp/2n5/3p4/4P1b1/P7/1PPP1PPP/RNB1K1NR b KQkq - 0 5
	-0.200 {-0.200} r2q1bnr/pp2pkpp/2n5/3p4/4P1b1/2P5/PP1P1PPP/RNB1K1NR b KQkq - 0 5
psql:test/sql/regress/_.sql:51: INFO:  1 turns to go (188 games)
ID: r2q1bnr/pp2pkpp/2n5/3P4/6b1/8/PPPP1PPP/RNB1K1NR b KQkq - 0 5
psql:test/sql/regress/_.sql:51: INFO:  Score: -13.600
Choices:
	2.700 {2.700} r4bnr/pp2pkpp/2n5/3q4/6b1/8/PPPP1PPP/RNB1K1NR w KQkq - 0 6
	1.100 {1.100} r4bnr/pp2pkpp/2nq4/3P4/6b1/8/PPPP1PPP/RNB1K1NR w KQkq - 0 6
	1.000 {1.000} r2q1bnr/pp3kpp/2n5/3Pp3/6b1/8/PPPP1PPP/RNB1K1NR w KQkq - 0 6
	0.800 {0.800} r2q1bnr/pp3kpp/2n1p3/3P4/6b1/8/PPPP1PPP/RNB1K1NR w KQkq - 0 6
	0.700 {0.700} r4bnr/pp2pkpp/2n5/q2P4/6b1/8/PPPP1PPP/RNB1K1NR w KQkq - 0 6
	0.500 {0.500} r2q1b1r/pp2pkpp/2n2n2/3P4/6b1/8/PPPP1PPP/RNB1K1NR w KQkq - 0 6
	0.500 {0.500} r2q1bnr/pp2pkpp/8/3P4/3n2b1/8/PPPP1PPP/RNB1K1NR w KQkq - 0 6
	0.500 {0.500} r4bnr/ppq1pkpp/2n5/3P4/6b1/8/PPPP1PPP/RNB1K1NR w KQkq - 0 6
	0.400 {0.400} r4bnr/pp2pkpp/1qn5/3P4/6b1/8/PPPP1PPP/RNB1K1NR w KQkq - 0 6
	0.300 {0.300} r2q1bnr/pp2pkpp/8/3P4/1n4b1/8/PPPP1PPP/RNB1K1NR w KQkq - 0 6
	0.100 {0.100} r2q1bnr/1p2pkpp/p1n5/3P4/6b1/8/PPPP1PPP/RNB1K1NR w KQkq - 0 6
	0.100 {0.100} r2q1bnr/pp2p1pp/2n2k2/3P4/6b1/8/PPPP1PPP/RNB1K1NR w KQkq - 0 6
	0.100 {0.100} r2q1bnr/pp2p1pp/2n3k1/3P4/6b1/8/PPPP1PPP/RNB1K1NR w KQkq - 0 6
	0.100 {0.100} r2q1bnr/pp2pk1p/2n3p1/3P4/6b1/8/PPPP1PPP/RNB1K1NR w KQkq - 0 6
	0.100 {0.100} r2q1bnr/pp2pk1p/2n5/3P2p1/6b1/8/PPPP1PPP/RNB1K1NR w KQkq - 0 6
	0.100 {0.100} r2q1bnr/pp2pkpp/8/3Pn3/6b1/8/PPPP1PPP/RNB1K1NR w KQkq - 0 6
	0.000 {0.000} r2q1b1r/pp2pkpp/2n4n/3P4/6b1/8/PPPP1PPP/RNB1K1NR w KQkq - 0 6
	0.000 {0.000} r2q1bnr/1p2pkpp/2n5/p2P4/6b1/8/PPPP1PPP/RNB1K1NR w KQkq - 0 6
	0.000 {0.000} r2q1bnr/pp2pkp1/2n5/3P3p/6b1/8/PPPP1PPP/RNB1K1NR w KQkq - 0 6
	0.000 {0.000} r4bnr/pp1qpkpp/2n5/3P4/6b1/8/PPPP1PPP/RNB1K1NR w KQkq - 0 6
	-0.100 {-0.100} r2q1bnr/p3pkpp/2n5/1p1P4/6b1/8/PPPP1PPP/RNB1K1NR w KQkq - 0 6
	-0.100 {-0.100} r2q1bnr/pp2pkp1/2n4p/3P4/6b1/8/PPPP1PPP/RNB1K1NR w KQkq - 0 6
	-0.100 {-0.100} r2q1bnr/pp2pkpp/2n5/3P4/8/8/PPPPbPPP/RNB1K1NR w KQkq - 0 6
	-0.200 {-0.200} 1r1q1bnr/pp2pkpp/2n5/3P4/6b1/8/PPPP1PPP/RNB1K1NR w KQkq - 0 6
	-0.200 {-0.200} 2rq1bnr/pp2pkpp/2n5/3P4/6b1/8/PPPP1PPP/RNB1K1NR w KQkq - 0 6
	-0.200 {-0.200} r2q1bnr/pp2pkpp/2n5/3P4/8/5b2/PPPP1PPP/RNB1K1NR w KQkq - 0 6
	-0.200 {-0.200} r2qkbnr/pp2p1pp/2n5/3P4/6b1/8/PPPP1PPP/RNB1K1NR w KQkq - 0 6
	-0.200 {-0.200} rq3bnr/pp2pkpp/2n5/3P4/6b1/8/PPPP1PPP/RNB1K1NR w KQkq - 0 6
	-0.300 {-0.300} r1q2bnr/pp2pkpp/2n5/3P4/6b1/8/PPPP1PPP/RNB1K1NR w KQkq - 0 6
	-0.300 {-0.300} r2q1bnr/p3pkpp/1pn5/3P4/6b1/8/PPPP1PPP/RNB1K1NR w KQkq - 0 6
	-0.300 {-0.300} r2q1bnr/pp2pkpp/2n5/3P1b2/8/8/PPPP1PPP/RNB1K1NR w KQkq - 0 6
	-0.300 {-0.300} r2q1bnr/pp2pkpp/8/n2P4/6b1/8/PPPP1PPP/RNB1K1NR w KQkq - 0 6
	-0.400 {-0.400} r3qbnr/pp2pkpp/2n5/3P4/6b1/8/PPPP1PPP/RNB1K1NR w KQkq - 0 6
	-0.400 {-0.400} rn1q1bnr/pp2pkpp/8/3P4/6b1/8/PPPP1PPP/RNB1K1NR w KQkq - 0 6
	-0.500 {-0.500} r2q1bnr/pp2pkpp/2n5/3P4/8/7b/PPPP1PPP/RNB1K1NR w KQkq - 0 6
	-0.600 {-0.600} r2q1bnr/pp2pkpp/2n5/3P3b/8/8/PPPP1PPP/RNB1K1NR w KQkq - 0 6
	-0.600 {-0.600} r2q1bnr/pp2pkpp/2n5/3P4/8/8/PPPP1PPP/RNBbK1NR w KQkq - 0 6
	-0.900 {-0.900} r2q1bnr/pp1bpkpp/2n5/3P4/8/8/PPPP1PPP/RNB1K1NR w KQkq - 0 6
	-0.900 {-0.900} r2q1bnr/pp2pkpp/2n1b3/3P4/8/8/PPPP1PPP/RNB1K1NR w KQkq - 0 6
	-1.000 {-1.000} r1bq1bnr/pp2pkpp/2n5/3P4/8/8/PPPP1PPP/RNB1K1NR w KQkq - 0 6
psql:test/sql/regress/_.sql:51: INFO:  0 turns to go (228 games)
ID: r4bnr/pp2pkpp/2n5/3q4/6b1/8/PPPP1PPP/RNB1K1NR w KQkq - 0 6
psql:test/sql/regress/_.sql:51: INFO:  game ended after 10 iterations
