psql:test/sql/regress/_.sql:51: INFO:  1 turns to go (1 games)
ID: k7/8/8/3p4/5N2/8/8/7K w - - 0 2
psql:test/sql/regress/_.sql:51: INFO:  Score: -3.800
Choices:
	1.100 {1.100} k7/8/8/3N4/8/8/8/7K b - - 0 2
	0.400 {0.400} k7/8/8/3p4/5N2/8/6K1/8 b - - 1 2
	0.200 {0.200} k7/8/8/3p4/5N2/8/7K/8 b - - 1 2
	0.200 {0.200} k7/8/8/3p4/5N2/8/8/6K1 b - - 1 2
	0.000 {0.000} k7/8/4N3/3p4/8/8/8/7K b - - 1 2
	0.000 {0.000} k7/8/8/3p4/8/3N4/8/7K b - - 1 2
	-0.200 {-0.200} k7/8/6N1/3p4/8/8/8/7K b - - 1 2
	-0.200 {-0.200} k7/8/8/3p4/8/8/4N3/7K b - - 1 2
	-0.400 {-0.400} k7/8/8/3p3N/8/8/8/7K b - - 1 2
	-0.400 {-0.400} k7/8/8/3p4/8/7N/8/7K b - - 1 2
	-0.500 {-0.500} k7/8/8/3p4/8/8/6N1/7K b - - 1 2
psql:test/sql/regress/_.sql:51: INFO:  0 turns to go (12 games)
ID: k7/8/8/3N4/8/8/8/7K b - - 0 2
psql:test/sql/regress/_.sql:51: INFO:  game ended after 1 iterations
