psql:test/sql/regress/_.sql:51: INFO:  1 turns to go (1 games)
ID: 1k6/8/1K6/8/8/8/8/7R w - - 0 2
psql:test/sql/regress/_.sql:51: INFO:  Score: -oo
Choices:
	+oo {} 1k5R/8/1K6/8/8/8/8/8 b - - 1 2
	0.100 {} 1k6/8/1K6/8/8/8/8/2R5 b - - 1 2
	0.100 {} 1k6/8/1K6/8/8/8/8/R7 b - - 1 2
	0.000 {} 1k6/7R/1K6/8/8/8/8/8 b - - 1 2
	0.000 {} 1k6/8/1K6/7R/8/8/8/8 b - - 1 2
	0.000 {} 1k6/8/1K6/8/7R/8/8/8 b - - 1 2
	0.000 {} 1k6/8/1K6/8/8/7R/8/8 b - - 1 2
	0.000 {} 1k6/8/1K6/8/8/8/7R/8 b - - 1 2
	0.000 {} 1k6/8/1K6/8/8/8/8/3R4 b - - 1 2
	0.000 {} 1k6/8/1K6/8/8/8/8/4R3 b - - 1 2
	0.000 {} 1k6/8/1K6/8/8/8/8/5R2 b - - 1 2
	0.000 {} 1k6/8/1K6/8/8/8/8/6R1 b - - 1 2
	0.000 {} 1k6/8/2K5/8/8/8/8/7R b - - 1 2
	0.000 {} 1k6/8/8/1K6/8/8/8/7R b - - 1 2
	0.000 {} 1k6/8/8/2K5/8/8/8/7R b - - 1 2
	-0.200 {} 1k6/8/1K5R/8/8/8/8/8 b - - 1 2
	-0.300 {} 1k6/8/1K6/8/8/8/8/1R6 b - - 1 2
	-0.300 {} 1k6/8/8/K7/8/8/8/7R b - - 1 2
	-0.300 {} 1k6/8/K7/8/8/8/8/7R b - - 1 2
psql:test/sql/regress/_.sql:51: INFO:  0 turns to go (20 games)
ID: 1k5R/8/1K6/8/8/8/8/8 b - - 1 2
psql:test/sql/regress/_.sql:51: INFO:  game ended with a victory
